[0m14:49:20.361237 [debug] [MainThread]: Sending event: {'category': 'dbt', 'action': 'invocation', 'label': 'start', 'context': [<snowplow_tracker.self_describing_json.SelfDescribingJson object at 0x000001B0D90CDE20>, <snowplow_tracker.self_describing_json.SelfDescribingJson object at 0x000001B0DBB81460>, <snowplow_tracker.self_describing_json.SelfDescribingJson object at 0x000001B0DBB81B20>]}


============================== 14:49:20.364946 | b3f6acaf-a310-4a92-ae04-2388ea49ef1d ==============================
[0m14:49:20.364946 [info ] [MainThread]: Running with dbt=1.8.7
[0m14:49:20.364946 [debug] [MainThread]: running dbt with arguments {'printer_width': '80', 'indirect_selection': 'eager', 'write_json': 'True', 'log_cache_events': 'False', 'partial_parse': 'True', 'cache_selected_only': 'False', 'profiles_dir': 'C:\\Users\\JOSUE\\.dbt', 'fail_fast': 'False', 'warn_error': 'None', 'log_path': 'logs', 'debug': 'False', 'version_check': 'True', 'use_colors': 'True', 'use_experimental_parser': 'False', 'empty': 'None', 'quiet': 'False', 'no_print': 'None', 'warn_error_options': 'WarnErrorOptions(include=[], exclude=[])', 'invocation_command': 'dbt init', 'log_format': 'default', 'introspect': 'True', 'target_path': 'None', 'static_parser': 'True', 'send_anonymous_usage_stats': 'True'}
[0m14:49:20.380956 [warn ] [MainThread]: [ConfigFolderDirectory]: Unable to parse logging event dictionary. Failed to parse dir field: expected string or bytes-like object.. Dictionary: {'dir': WindowsPath('C:/Users/JOSUE/.dbt')}
[0m14:49:20.381957 [info ] [MainThread]: Creating dbt configuration folder at 
[0m14:51:15.529563 [debug] [MainThread]: Starter project path: c:\users\josue\documents\proyectos\weather_pipeline\weather\lib\site-packages\dbt\include\starter_project
[0m14:51:15.958004 [info ] [MainThread]: 
Your new dbt project "weather_dbt" was created!

For more information on how to configure the profiles.yml file,
please consult the dbt documentation here:

  https://docs.getdbt.com/docs/configure-your-profile

One more thing:

Need help? Don't hesitate to reach out to us via GitHub issues or on Slack:

  https://community.getdbt.com/

Happy modeling!

[0m14:51:15.959004 [info ] [MainThread]: Setting up your profile.
[0m14:56:42.079160 [info ] [MainThread]: Profile weather_dbt written to C:\Users\JOSUE\.dbt\profiles.yml using target's profile_template.yml and your supplied values. Run 'dbt debug' to validate the connection.
[0m14:56:42.080158 [debug] [MainThread]: Command `dbt init` succeeded at 14:56:42.080158 after 441.76 seconds
[0m14:56:42.081164 [debug] [MainThread]: Sending event: {'category': 'dbt', 'action': 'invocation', 'label': 'end', 'context': [<snowplow_tracker.self_describing_json.SelfDescribingJson object at 0x000001B0D90CDE20>, <snowplow_tracker.self_describing_json.SelfDescribingJson object at 0x000001B0D7EFB250>, <snowplow_tracker.self_describing_json.SelfDescribingJson object at 0x000001B0D8F18610>]}
[0m14:56:42.081164 [debug] [MainThread]: Flushing usage events
[0m15:00:26.908365 [debug] [MainThread]: Sending event: {'category': 'dbt', 'action': 'invocation', 'label': 'start', 'context': [<snowplow_tracker.self_describing_json.SelfDescribingJson object at 0x000001A20D266DF0>, <snowplow_tracker.self_describing_json.SelfDescribingJson object at 0x000001A20C09C220>, <snowplow_tracker.self_describing_json.SelfDescribingJson object at 0x000001A20FB6B9D0>]}


============================== 15:00:26.911365 | 723baffb-a517-4a5a-ac0a-3d032baca7ca ==============================
[0m15:00:26.911365 [info ] [MainThread]: Running with dbt=1.8.7
[0m15:00:26.912367 [debug] [MainThread]: running dbt with arguments {'printer_width': '80', 'indirect_selection': 'eager', 'log_cache_events': 'False', 'write_json': 'True', 'partial_parse': 'True', 'cache_selected_only': 'False', 'warn_error': 'None', 'fail_fast': 'False', 'debug': 'False', 'log_path': 'logs', 'version_check': 'True', 'profiles_dir': 'C:\\Users\\JOSUE\\.dbt', 'use_colors': 'True', 'use_experimental_parser': 'False', 'no_print': 'None', 'quiet': 'False', 'empty': 'None', 'log_format': 'default', 'introspect': 'True', 'invocation_command': 'dbt debug', 'static_parser': 'True', 'target_path': 'None', 'warn_error_options': 'WarnErrorOptions(include=[], exclude=[])', 'send_anonymous_usage_stats': 'True'}
[0m15:00:26.927958 [info ] [MainThread]: dbt version: 1.8.7
[0m15:00:26.928957 [info ] [MainThread]: python version: 3.8.8
[0m15:00:26.928957 [info ] [MainThread]: python path: c:\users\josue\documents\proyectos\weather_pipeline\weather\scripts\python.exe
[0m15:00:26.929959 [info ] [MainThread]: os info: Windows-10-10.0.19041-SP0
[0m15:00:26.973964 [info ] [MainThread]: Using profiles dir at C:\Users\JOSUE\.dbt
[0m15:00:26.974964 [info ] [MainThread]: Using profiles.yml file at C:\Users\JOSUE\.dbt\profiles.yml
[0m15:00:26.974964 [info ] [MainThread]: Using dbt_project.yml file at C:\Users\JOSUE\Documents\Proyectos\Weather_pipeline\dbt_project.yml
[0m15:00:26.976967 [info ] [MainThread]: adapter type: postgres
[0m15:00:26.976967 [info ] [MainThread]: adapter version: 1.8.2
[0m15:00:26.976967 [info ] [MainThread]: Configuration:
[0m15:00:26.977968 [info ] [MainThread]:   profiles.yml file [[32mOK found and valid[0m]
[0m15:00:26.977968 [info ] [MainThread]:   dbt_project.yml file [[31mERROR not found[0m]
[0m15:00:26.978967 [info ] [MainThread]: Required dependencies:
[0m15:00:26.978967 [debug] [MainThread]: Executing "git --help"
[0m15:00:27.011579 [debug] [MainThread]: STDOUT: "b"usage: git [-v | --version] [-h | --help] [-C <path>] [-c <name>=<value>]\n           [--exec-path[=<path>]] [--html-path] [--man-path] [--info-path]\n           [-p | --paginate | -P | --no-pager] [--no-replace-objects] [--no-lazy-fetch]\n           [--no-optional-locks] [--no-advice] [--bare] [--git-dir=<path>]\n           [--work-tree=<path>] [--namespace=<name>] [--config-env=<name>=<envvar>]\n           <command> [<args>]\n\nThese are common Git commands used in various situations:\n\nstart a working area (see also: git help tutorial)\n   clone      Clone a repository into a new directory\n   init       Create an empty Git repository or reinitialize an existing one\n\nwork on the current change (see also: git help everyday)\n   add        Add file contents to the index\n   mv         Move or rename a file, a directory, or a symlink\n   restore    Restore working tree files\n   rm         Remove files from the working tree and from the index\n\nexamine the history and state (see also: git help revisions)\n   bisect     Use binary search to find the commit that introduced a bug\n   diff       Show changes between commits, commit and working tree, etc\n   grep       Print lines matching a pattern\n   log        Show commit logs\n   show       Show various types of objects\n   status     Show the working tree status\n\ngrow, mark and tweak your common history\n   backfill   Download missing objects in a partial clone\n   branch     List, create, or delete branches\n   commit     Record changes to the repository\n   merge      Join two or more development histories together\n   rebase     Reapply commits on top of another base tip\n   reset      Reset current HEAD to the specified state\n   switch     Switch branches\n   tag        Create, list, delete or verify a tag object signed with GPG\n\ncollaborate (see also: git help workflows)\n   fetch      Download objects and refs from another repository\n   pull       Fetch from and integrate with another repository or a local branch\n   push       Update remote refs along with associated objects\n\n'git help -a' and 'git help -g' list available subcommands and some\nconcept guides. See 'git help <command>' or 'git help <concept>'\nto read about a specific subcommand or concept.\nSee 'git help git' for an overview of the system.\n""
[0m15:00:27.012578 [debug] [MainThread]: STDERR: "b''"
[0m15:00:27.012578 [info ] [MainThread]:  - git [[32mOK found[0m]

[0m15:00:27.013580 [info ] [MainThread]: Connection:
[0m15:00:27.013580 [info ] [MainThread]:   host: localhost
[0m15:00:27.014581 [info ] [MainThread]:   port: 5432
[0m15:00:27.014581 [info ] [MainThread]:   user: weather_user_joshua
[0m15:00:27.014581 [info ] [MainThread]:   database: weather_db
[0m15:00:27.015580 [info ] [MainThread]:   schema: dbt_weather
[0m15:00:27.015580 [info ] [MainThread]:   connect_timeout: 10
[0m15:00:27.016580 [info ] [MainThread]:   role: None
[0m15:00:27.016580 [info ] [MainThread]:   search_path: None
[0m15:00:27.016580 [info ] [MainThread]:   keepalives_idle: 0
[0m15:00:27.017580 [info ] [MainThread]:   sslmode: None
[0m15:00:27.017580 [info ] [MainThread]:   sslcert: None
[0m15:00:27.017580 [info ] [MainThread]:   sslkey: None
[0m15:00:27.018579 [info ] [MainThread]:   sslrootcert: None
[0m15:00:27.018579 [info ] [MainThread]:   application_name: dbt
[0m15:00:27.018579 [info ] [MainThread]:   retries: 1
[0m15:00:27.019581 [info ] [MainThread]: Registered adapter: postgres=1.8.2
[0m15:00:27.020581 [debug] [MainThread]: Acquiring new postgres connection 'debug'
[0m15:00:29.555782 [debug] [MainThread]: Using postgres connection "debug"
[0m15:00:29.555782 [debug] [MainThread]: On debug: select 1 as id
[0m15:00:29.556782 [debug] [MainThread]: Opening a new connection, currently in state init
[0m15:00:29.594783 [debug] [MainThread]: SQL status: SELECT 1 in 0.038 seconds
[0m15:00:29.595781 [debug] [MainThread]: On debug: Close
[0m15:00:29.595781 [info ] [MainThread]:   Connection test: [[32mOK connection ok[0m]

[0m15:00:29.596783 [info ] [MainThread]: [31m1 check failed:[0m
[0m15:00:29.596783 [info ] [MainThread]: Project loading failed for the following reason:
 project path <C:\Users\JOSUE\Documents\Proyectos\Weather_pipeline\dbt_project.yml> not found

[0m15:00:29.597783 [debug] [MainThread]: Command `dbt debug` failed at 15:00:29.597783 after 2.74 seconds
[0m15:00:29.597783 [debug] [MainThread]: Connection 'debug' was properly closed.
[0m15:00:29.598785 [debug] [MainThread]: Sending event: {'category': 'dbt', 'action': 'invocation', 'label': 'end', 'context': [<snowplow_tracker.self_describing_json.SelfDescribingJson object at 0x000001A20D266DF0>, <snowplow_tracker.self_describing_json.SelfDescribingJson object at 0x000001A20FB9FAF0>, <snowplow_tracker.self_describing_json.SelfDescribingJson object at 0x000001A20D1BD220>]}
[0m15:00:29.598785 [debug] [MainThread]: Flushing usage events
